CRITICAL - 2026-02-19 02:17:42 --> Invalid file: templates/sidebar.php
#0 C:\xampp\htdocs\projeto-escola\system\View\View.php(198): CodeIgniter\Exceptions\FrameworkException::forInvalidFile('templates/sideb...')
#1 C:\xampp\htdocs\projeto-escola\system\Common.php(1092): CodeIgniter\View\View->render('templates/sideb...', Array, true)
#2 C:\xampp\htdocs\projeto-escola\app\Controllers\Inicio.php(43): view('templates/sideb...')
#3 C:\xampp\htdocs\projeto-escola\system\CodeIgniter.php(802): App\Controllers\Inicio->index()
#4 C:\xampp\htdocs\projeto-escola\system\CodeIgniter.php(399): CodeIgniter\CodeIgniter->runController(Object(App\Controllers\Inicio))
#5 C:\xampp\htdocs\projeto-escola\system\CodeIgniter.php(317): CodeIgniter\CodeIgniter->handleRequest(NULL, Object(Config\Cache), false)
#6 C:\xampp\htdocs\projeto-escola\public\index.php(37): CodeIgniter\CodeIgniter->run()
#7 {main}
CRITICAL - 2026-02-19 02:17:51 --> Invalid file: templates/sidebar.php
#0 C:\xampp\htdocs\projeto-escola\system\View\View.php(198): CodeIgniter\Exceptions\FrameworkException::forInvalidFile('templates/sideb...')
#1 C:\xampp\htdocs\projeto-escola\system\Common.php(1092): CodeIgniter\View\View->render('templates/sideb...', Array, true)
#2 C:\xampp\htdocs\projeto-escola\app\Controllers\Inicio.php(43): view('templates/sideb...')
#3 C:\xampp\htdocs\projeto-escola\system\CodeIgniter.php(802): App\Controllers\Inicio->index()
#4 C:\xampp\htdocs\projeto-escola\system\CodeIgniter.php(399): CodeIgniter\CodeIgniter->runController(Object(App\Controllers\Inicio))
#5 C:\xampp\htdocs\projeto-escola\system\CodeIgniter.php(317): CodeIgniter\CodeIgniter->handleRequest(NULL, Object(Config\Cache), false)
#6 C:\xampp\htdocs\projeto-escola\public\index.php(37): CodeIgniter\CodeIgniter->run()
#7 {main}
CRITICAL - 2026-02-19 11:36:09 --> Call to undefined method App\Models\NotaModel::getTurmasProfessor
#0 C:\xampp\htdocs\projeto-escola\app\Controllers\Inicio.php(91): CodeIgniter\Model->__call('getTurmasProfes...', Array)
#1 C:\xampp\htdocs\projeto-escola\app\Controllers\Inicio.php(20): App\Controllers\Inicio->painelProfessor()
#2 C:\xampp\htdocs\projeto-escola\system\CodeIgniter.php(802): App\Controllers\Inicio->index()
#3 C:\xampp\htdocs\projeto-escola\system\CodeIgniter.php(399): CodeIgniter\CodeIgniter->runController(Object(App\Controllers\Inicio))
#4 C:\xampp\htdocs\projeto-escola\system\CodeIgniter.php(317): CodeIgniter\CodeIgniter->handleRequest(NULL, Object(Config\Cache), false)
#5 C:\xampp\htdocs\projeto-escola\public\index.php(37): CodeIgniter\CodeIgniter->run()
#6 {main}
CRITICAL - 2026-02-19 21:43:46 --> Call to undefined method App\Models\NotaModel::getTurmasProfessor
#0 C:\xampp\htdocs\projeto-escola\app\Controllers\Inicio.php(91): CodeIgniter\Model->__call('getTurmasProfes...', Array)
#1 C:\xampp\htdocs\projeto-escola\app\Controllers\Inicio.php(20): App\Controllers\Inicio->painelProfessor()
#2 C:\xampp\htdocs\projeto-escola\system\CodeIgniter.php(802): App\Controllers\Inicio->index()
#3 C:\xampp\htdocs\projeto-escola\system\CodeIgniter.php(399): CodeIgniter\CodeIgniter->runController(Object(App\Controllers\Inicio))
#4 C:\xampp\htdocs\projeto-escola\system\CodeIgniter.php(317): CodeIgniter\CodeIgniter->handleRequest(NULL, Object(Config\Cache), false)
#5 C:\xampp\htdocs\projeto-escola\public\index.php(37): CodeIgniter\CodeIgniter->run()
#6 {main}
CRITICAL - 2026-02-19 21:46:07 --> Call to undefined method App\Models\NotaModel::getEstatisticas
#0 C:\xampp\htdocs\projeto-escola\app\Controllers\Inicio.php(94): CodeIgniter\Model->__call('getEstatisticas', Array)
#1 C:\xampp\htdocs\projeto-escola\app\Controllers\Inicio.php(20): App\Controllers\Inicio->painelProfessor()
#2 C:\xampp\htdocs\projeto-escola\system\CodeIgniter.php(802): App\Controllers\Inicio->index()
#3 C:\xampp\htdocs\projeto-escola\system\CodeIgniter.php(399): CodeIgniter\CodeIgniter->runController(Object(App\Controllers\Inicio))
#4 C:\xampp\htdocs\projeto-escola\system\CodeIgniter.php(317): CodeIgniter\CodeIgniter->handleRequest(NULL, Object(Config\Cache), false)
#5 C:\xampp\htdocs\projeto-escola\public\index.php(37): CodeIgniter\CodeIgniter->run()
#6 {main}
CRITICAL - 2026-02-19 21:47:07 --> Undefined array key "nao_avaliados"
#0 C:\xampp\htdocs\projeto-escola\app\Controllers\Inicio.php(98): CodeIgniter\Debug\Exceptions->errorHandler(2, 'Undefined array...', 'C:\\xampp\\htdocs...', 98)
#1 C:\xampp\htdocs\projeto-escola\app\Controllers\Inicio.php(20): App\Controllers\Inicio->painelProfessor()
#2 C:\xampp\htdocs\projeto-escola\system\CodeIgniter.php(802): App\Controllers\Inicio->index()
#3 C:\xampp\htdocs\projeto-escola\system\CodeIgniter.php(399): CodeIgniter\CodeIgniter->runController(Object(App\Controllers\Inicio))
#4 C:\xampp\htdocs\projeto-escola\system\CodeIgniter.php(317): CodeIgniter\CodeIgniter->handleRequest(NULL, Object(Config\Cache), false)
#5 C:\xampp\htdocs\projeto-escola\public\index.php(37): CodeIgniter\CodeIgniter->run()
#6 {main}
CRITICAL - 2026-02-19 21:50:02 --> Undefined array key "pct_negativas"
#0 C:\xampp\htdocs\projeto-escola\app\Views\pautas\lancar.php(133): CodeIgniter\Debug\Exceptions->errorHandler(2, 'Undefined array...', 'C:\\xampp\\htdocs...', 133)
#1 C:\xampp\htdocs\projeto-escola\system\View\View.php(214): include('C:\\xampp\\htdocs...')
#2 C:\xampp\htdocs\projeto-escola\system\View\View.php(217): CodeIgniter\View\View->CodeIgniter\View\{closure}()
#3 C:\xampp\htdocs\projeto-escola\system\Common.php(1092): CodeIgniter\View\View->render('pautas/lancar', Array, true)
#4 C:\xampp\htdocs\projeto-escola\app\Controllers\Pautas.php(152): view('pautas/lancar', Array)
#5 C:\xampp\htdocs\projeto-escola\system\CodeIgniter.php(802): App\Controllers\Pautas->lancar(2)
#6 C:\xampp\htdocs\projeto-escola\system\CodeIgniter.php(399): CodeIgniter\CodeIgniter->runController(Object(App\Controllers\Pautas))
#7 C:\xampp\htdocs\projeto-escola\system\CodeIgniter.php(317): CodeIgniter\CodeIgniter->handleRequest(NULL, Object(Config\Cache), false)
#8 C:\xampp\htdocs\projeto-escola\public\index.php(37): CodeIgniter\CodeIgniter->run()
#9 {main}
CRITICAL - 2026-02-19 21:56:08 --> Undefined array key "genero"
#0 C:\xampp\htdocs\projeto-escola\app\Views\pautas\ver.php(142): CodeIgniter\Debug\Exceptions->errorHandler(2, 'Undefined array...', 'C:\\xampp\\htdocs...', 142)
#1 C:\xampp\htdocs\projeto-escola\system\View\View.php(214): include('C:\\xampp\\htdocs...')
#2 C:\xampp\htdocs\projeto-escola\system\View\View.php(217): CodeIgniter\View\View->CodeIgniter\View\{closure}()
#3 C:\xampp\htdocs\projeto-escola\system\Common.php(1092): CodeIgniter\View\View->render('pautas/ver', Array, true)
#4 C:\xampp\htdocs\projeto-escola\app\Controllers\Pautas.php(260): view('pautas/ver', Array)
#5 C:\xampp\htdocs\projeto-escola\system\CodeIgniter.php(802): App\Controllers\Pautas->ver(1)
#6 C:\xampp\htdocs\projeto-escola\system\CodeIgniter.php(399): CodeIgniter\CodeIgniter->runController(Object(App\Controllers\Pautas))
#7 C:\xampp\htdocs\projeto-escola\system\CodeIgniter.php(317): CodeIgniter\CodeIgniter->handleRequest(NULL, Object(Config\Cache), false)
#8 C:\xampp\htdocs\projeto-escola\public\index.php(37): CodeIgniter\CodeIgniter->run()
#9 {main}
CRITICAL - 2026-02-19 21:58:26 --> Undefined array key "mac1"
#0 C:\xampp\htdocs\projeto-escola\app\Views\pautas\ver.php(144): CodeIgniter\Debug\Exceptions->errorHandler(2, 'Undefined array...', 'C:\\xampp\\htdocs...', 144)
#1 C:\xampp\htdocs\projeto-escola\system\View\View.php(214): include('C:\\xampp\\htdocs...')
#2 C:\xampp\htdocs\projeto-escola\system\View\View.php(217): CodeIgniter\View\View->CodeIgniter\View\{closure}()
#3 C:\xampp\htdocs\projeto-escola\system\Common.php(1092): CodeIgniter\View\View->render('pautas/ver', Array, true)
#4 C:\xampp\htdocs\projeto-escola\app\Controllers\Pautas.php(260): view('pautas/ver', Array)
#5 C:\xampp\htdocs\projeto-escola\system\CodeIgniter.php(802): App\Controllers\Pautas->ver(1)
#6 C:\xampp\htdocs\projeto-escola\system\CodeIgniter.php(399): CodeIgniter\CodeIgniter->runController(Object(App\Controllers\Pautas))
#7 C:\xampp\htdocs\projeto-escola\system\CodeIgniter.php(317): CodeIgniter\CodeIgniter->handleRequest(NULL, Object(Config\Cache), false)
#8 C:\xampp\htdocs\projeto-escola\public\index.php(37): CodeIgniter\CodeIgniter->run()
#9 {main}
CRITICAL - 2026-02-19 21:58:31 --> Undefined array key "mac1"
#0 C:\xampp\htdocs\projeto-escola\app\Views\pautas\ver.php(144): CodeIgniter\Debug\Exceptions->errorHandler(2, 'Undefined array...', 'C:\\xampp\\htdocs...', 144)
#1 C:\xampp\htdocs\projeto-escola\system\View\View.php(214): include('C:\\xampp\\htdocs...')
#2 C:\xampp\htdocs\projeto-escola\system\View\View.php(217): CodeIgniter\View\View->CodeIgniter\View\{closure}()
#3 C:\xampp\htdocs\projeto-escola\system\Common.php(1092): CodeIgniter\View\View->render('pautas/ver', Array, true)
#4 C:\xampp\htdocs\projeto-escola\app\Controllers\Pautas.php(260): view('pautas/ver', Array)
#5 C:\xampp\htdocs\projeto-escola\system\CodeIgniter.php(802): App\Controllers\Pautas->ver(1)
#6 C:\xampp\htdocs\projeto-escola\system\CodeIgniter.php(399): CodeIgniter\CodeIgniter->runController(Object(App\Controllers\Pautas))
#7 C:\xampp\htdocs\projeto-escola\system\CodeIgniter.php(317): CodeIgniter\CodeIgniter->handleRequest(NULL, Object(Config\Cache), false)
#8 C:\xampp\htdocs\projeto-escola\public\index.php(37): CodeIgniter\CodeIgniter->run()
#9 {main}
CRITICAL - 2026-02-19 22:00:20 --> Undefined array key "mac1"
#0 C:\xampp\htdocs\projeto-escola\app\Views\pautas\ver.php(144): CodeIgniter\Debug\Exceptions->errorHandler(2, 'Undefined array...', 'C:\\xampp\\htdocs...', 144)
#1 C:\xampp\htdocs\projeto-escola\system\View\View.php(214): include('C:\\xampp\\htdocs...')
#2 C:\xampp\htdocs\projeto-escola\system\View\View.php(217): CodeIgniter\View\View->CodeIgniter\View\{closure}()
#3 C:\xampp\htdocs\projeto-escola\system\Common.php(1092): CodeIgniter\View\View->render('pautas/ver', Array, true)
#4 C:\xampp\htdocs\projeto-escola\app\Controllers\Pautas.php(260): view('pautas/ver', Array)
#5 C:\xampp\htdocs\projeto-escola\system\CodeIgniter.php(802): App\Controllers\Pautas->ver(1)
#6 C:\xampp\htdocs\projeto-escola\system\CodeIgniter.php(399): CodeIgniter\CodeIgniter->runController(Object(App\Controllers\Pautas))
#7 C:\xampp\htdocs\projeto-escola\system\CodeIgniter.php(317): CodeIgniter\CodeIgniter->handleRequest(NULL, Object(Config\Cache), false)
#8 C:\xampp\htdocs\projeto-escola\public\index.php(37): CodeIgniter\CodeIgniter->run()
#9 {main}
CRITICAL - 2026-02-19 22:00:24 --> Undefined array key "mac1"
#0 C:\xampp\htdocs\projeto-escola\app\Views\pautas\ver.php(144): CodeIgniter\Debug\Exceptions->errorHandler(2, 'Undefined array...', 'C:\\xampp\\htdocs...', 144)
#1 C:\xampp\htdocs\projeto-escola\system\View\View.php(214): include('C:\\xampp\\htdocs...')
#2 C:\xampp\htdocs\projeto-escola\system\View\View.php(217): CodeIgniter\View\View->CodeIgniter\View\{closure}()
#3 C:\xampp\htdocs\projeto-escola\system\Common.php(1092): CodeIgniter\View\View->render('pautas/ver', Array, true)
#4 C:\xampp\htdocs\projeto-escola\app\Controllers\Pautas.php(260): view('pautas/ver', Array)
#5 C:\xampp\htdocs\projeto-escola\system\CodeIgniter.php(802): App\Controllers\Pautas->ver(1)
#6 C:\xampp\htdocs\projeto-escola\system\CodeIgniter.php(399): CodeIgniter\CodeIgniter->runController(Object(App\Controllers\Pautas))
#7 C:\xampp\htdocs\projeto-escola\system\CodeIgniter.php(317): CodeIgniter\CodeIgniter->handleRequest(NULL, Object(Config\Cache), false)
#8 C:\xampp\htdocs\projeto-escola\public\index.php(37): CodeIgniter\CodeIgniter->run()
#9 {main}
CRITICAL - 2026-02-19 22:01:19 --> Undefined array key "mac1"
#0 C:\xampp\htdocs\projeto-escola\app\Views\pautas\ver.php(144): CodeIgniter\Debug\Exceptions->errorHandler(2, 'Undefined array...', 'C:\\xampp\\htdocs...', 144)
#1 C:\xampp\htdocs\projeto-escola\system\View\View.php(214): include('C:\\xampp\\htdocs...')
#2 C:\xampp\htdocs\projeto-escola\system\View\View.php(217): CodeIgniter\View\View->CodeIgniter\View\{closure}()
#3 C:\xampp\htdocs\projeto-escola\system\Common.php(1092): CodeIgniter\View\View->render('pautas/ver', Array, true)
#4 C:\xampp\htdocs\projeto-escola\app\Controllers\Pautas.php(260): view('pautas/ver', Array)
#5 C:\xampp\htdocs\projeto-escola\system\CodeIgniter.php(802): App\Controllers\Pautas->ver(2)
#6 C:\xampp\htdocs\projeto-escola\system\CodeIgniter.php(399): CodeIgniter\CodeIgniter->runController(Object(App\Controllers\Pautas))
#7 C:\xampp\htdocs\projeto-escola\system\CodeIgniter.php(317): CodeIgniter\CodeIgniter->handleRequest(NULL, Object(Config\Cache), false)
#8 C:\xampp\htdocs\projeto-escola\public\index.php(37): CodeIgniter\CodeIgniter->run()
#9 {main}
CRITICAL - 2026-02-19 22:01:48 --> Call to undefined method App\Models\NotaModel::getPautaCompleta
#0 C:\xampp\htdocs\projeto-escola\app\Controllers\Pautas.php(251): CodeIgniter\Model->__call('getPautaComplet...', Array)
#1 C:\xampp\htdocs\projeto-escola\system\CodeIgniter.php(802): App\Controllers\Pautas->ver(2)
#2 C:\xampp\htdocs\projeto-escola\system\CodeIgniter.php(399): CodeIgniter\CodeIgniter->runController(Object(App\Controllers\Pautas))
#3 C:\xampp\htdocs\projeto-escola\system\CodeIgniter.php(317): CodeIgniter\CodeIgniter->handleRequest(NULL, Object(Config\Cache), false)
#4 C:\xampp\htdocs\projeto-escola\public\index.php(37): CodeIgniter\CodeIgniter->run()
#5 {main}
CRITICAL - 2026-02-19 22:02:06 --> Call to undefined method App\Models\NotaModel::getPautaCompleta
#0 C:\xampp\htdocs\projeto-escola\app\Controllers\Pautas.php(251): CodeIgniter\Model->__call('getPautaComplet...', Array)
#1 C:\xampp\htdocs\projeto-escola\system\CodeIgniter.php(802): App\Controllers\Pautas->ver(2)
#2 C:\xampp\htdocs\projeto-escola\system\CodeIgniter.php(399): CodeIgniter\CodeIgniter->runController(Object(App\Controllers\Pautas))
#3 C:\xampp\htdocs\projeto-escola\system\CodeIgniter.php(317): CodeIgniter\CodeIgniter->handleRequest(NULL, Object(Config\Cache), false)
#4 C:\xampp\htdocs\projeto-escola\public\index.php(37): CodeIgniter\CodeIgniter->run()
#5 {main}
CRITICAL - 2026-02-19 22:03:17 --> Undefined array key "mac1"
#0 C:\xampp\htdocs\projeto-escola\app\Views\pautas\ver.php(144): CodeIgniter\Debug\Exceptions->errorHandler(2, 'Undefined array...', 'C:\\xampp\\htdocs...', 144)
#1 C:\xampp\htdocs\projeto-escola\system\View\View.php(214): include('C:\\xampp\\htdocs...')
#2 C:\xampp\htdocs\projeto-escola\system\View\View.php(217): CodeIgniter\View\View->CodeIgniter\View\{closure}()
#3 C:\xampp\htdocs\projeto-escola\system\Common.php(1092): CodeIgniter\View\View->render('pautas/ver', Array, true)
#4 C:\xampp\htdocs\projeto-escola\app\Controllers\Pautas.php(260): view('pautas/ver', Array)
#5 C:\xampp\htdocs\projeto-escola\system\CodeIgniter.php(802): App\Controllers\Pautas->ver(2)
#6 C:\xampp\htdocs\projeto-escola\system\CodeIgniter.php(399): CodeIgniter\CodeIgniter->runController(Object(App\Controllers\Pautas))
#7 C:\xampp\htdocs\projeto-escola\system\CodeIgniter.php(317): CodeIgniter\CodeIgniter->handleRequest(NULL, Object(Config\Cache), false)
#8 C:\xampp\htdocs\projeto-escola\public\index.php(37): CodeIgniter\CodeIgniter->run()
#9 {main}
CRITICAL - 2026-02-19 22:03:29 --> Undefined array key "mac1"
#0 C:\xampp\htdocs\projeto-escola\app\Views\pautas\ver.php(144): CodeIgniter\Debug\Exceptions->errorHandler(2, 'Undefined array...', 'C:\\xampp\\htdocs...', 144)
#1 C:\xampp\htdocs\projeto-escola\system\View\View.php(214): include('C:\\xampp\\htdocs...')
#2 C:\xampp\htdocs\projeto-escola\system\View\View.php(217): CodeIgniter\View\View->CodeIgniter\View\{closure}()
#3 C:\xampp\htdocs\projeto-escola\system\Common.php(1092): CodeIgniter\View\View->render('pautas/ver', Array, true)
#4 C:\xampp\htdocs\projeto-escola\app\Controllers\Pautas.php(260): view('pautas/ver', Array)
#5 C:\xampp\htdocs\projeto-escola\system\CodeIgniter.php(802): App\Controllers\Pautas->ver(2)
#6 C:\xampp\htdocs\projeto-escola\system\CodeIgniter.php(399): CodeIgniter\CodeIgniter->runController(Object(App\Controllers\Pautas))
#7 C:\xampp\htdocs\projeto-escola\system\CodeIgniter.php(317): CodeIgniter\CodeIgniter->handleRequest(NULL, Object(Config\Cache), false)
#8 C:\xampp\htdocs\projeto-escola\public\index.php(37): CodeIgniter\CodeIgniter->run()
#9 {main}
CRITICAL - 2026-02-19 22:08:49 --> Undefined variable $pauta
#0 C:\xampp\htdocs\projeto-escola\app\Views\pautas\ver.php(126): CodeIgniter\Debug\Exceptions->errorHandler(2, 'Undefined varia...', 'C:\\xampp\\htdocs...', 126)
#1 C:\xampp\htdocs\projeto-escola\system\View\View.php(214): include('C:\\xampp\\htdocs...')
#2 C:\xampp\htdocs\projeto-escola\system\View\View.php(217): CodeIgniter\View\View->CodeIgniter\View\{closure}()
#3 C:\xampp\htdocs\projeto-escola\system\Common.php(1092): CodeIgniter\View\View->render('pautas/ver', Array, true)
#4 C:\xampp\htdocs\projeto-escola\app\Controllers\Pautas.php(144): view('pautas/ver', Array)
#5 C:\xampp\htdocs\projeto-escola\system\CodeIgniter.php(802): App\Controllers\Pautas->ver(2)
#6 C:\xampp\htdocs\projeto-escola\system\CodeIgniter.php(399): CodeIgniter\CodeIgniter->runController(Object(App\Controllers\Pautas))
#7 C:\xampp\htdocs\projeto-escola\system\CodeIgniter.php(317): CodeIgniter\CodeIgniter->handleRequest(NULL, Object(Config\Cache), false)
#8 C:\xampp\htdocs\projeto-escola\public\index.php(37): CodeIgniter\CodeIgniter->run()
#9 {main}
CRITICAL - 2026-02-19 22:08:53 --> Undefined variable $pauta
#0 C:\xampp\htdocs\projeto-escola\app\Views\pautas\ver.php(126): CodeIgniter\Debug\Exceptions->errorHandler(2, 'Undefined varia...', 'C:\\xampp\\htdocs...', 126)
#1 C:\xampp\htdocs\projeto-escola\system\View\View.php(214): include('C:\\xampp\\htdocs...')
#2 C:\xampp\htdocs\projeto-escola\system\View\View.php(217): CodeIgniter\View\View->CodeIgniter\View\{closure}()
#3 C:\xampp\htdocs\projeto-escola\system\Common.php(1092): CodeIgniter\View\View->render('pautas/ver', Array, true)
#4 C:\xampp\htdocs\projeto-escola\app\Controllers\Pautas.php(144): view('pautas/ver', Array)
#5 C:\xampp\htdocs\projeto-escola\system\CodeIgniter.php(802): App\Controllers\Pautas->ver(2)
#6 C:\xampp\htdocs\projeto-escola\system\CodeIgniter.php(399): CodeIgniter\CodeIgniter->runController(Object(App\Controllers\Pautas))
#7 C:\xampp\htdocs\projeto-escola\system\CodeIgniter.php(317): CodeIgniter\CodeIgniter->handleRequest(NULL, Object(Config\Cache), false)
#8 C:\xampp\htdocs\projeto-escola\public\index.php(37): CodeIgniter\CodeIgniter->run()
#9 {main}
CRITICAL - 2026-02-19 22:11:30 --> Undefined array key "pct_positivas"
#0 C:\xampp\htdocs\projeto-escola\app\Views\pautas\ver.php(78): CodeIgniter\Debug\Exceptions->errorHandler(2, 'Undefined array...', 'C:\\xampp\\htdocs...', 78)
#1 C:\xampp\htdocs\projeto-escola\system\View\View.php(214): include('C:\\xampp\\htdocs...')
#2 C:\xampp\htdocs\projeto-escola\system\View\View.php(217): CodeIgniter\View\View->CodeIgniter\View\{closure}()
#3 C:\xampp\htdocs\projeto-escola\system\Common.php(1092): CodeIgniter\View\View->render('pautas/ver', Array, true)
#4 C:\xampp\htdocs\projeto-escola\app\Controllers\Pautas.php(144): view('pautas/ver', Array)
#5 C:\xampp\htdocs\projeto-escola\system\CodeIgniter.php(802): App\Controllers\Pautas->ver(2)
#6 C:\xampp\htdocs\projeto-escola\system\CodeIgniter.php(399): CodeIgniter\CodeIgniter->runController(Object(App\Controllers\Pautas))
#7 C:\xampp\htdocs\projeto-escola\system\CodeIgniter.php(317): CodeIgniter\CodeIgniter->handleRequest(NULL, Object(Config\Cache), false)
#8 C:\xampp\htdocs\projeto-escola\public\index.php(37): CodeIgniter\CodeIgniter->run()
#9 {main}
CRITICAL - 2026-02-19 22:11:34 --> Undefined array key "pct_positivas"
#0 C:\xampp\htdocs\projeto-escola\app\Views\pautas\ver.php(78): CodeIgniter\Debug\Exceptions->errorHandler(2, 'Undefined array...', 'C:\\xampp\\htdocs...', 78)
#1 C:\xampp\htdocs\projeto-escola\system\View\View.php(214): include('C:\\xampp\\htdocs...')
#2 C:\xampp\htdocs\projeto-escola\system\View\View.php(217): CodeIgniter\View\View->CodeIgniter\View\{closure}()
#3 C:\xampp\htdocs\projeto-escola\system\Common.php(1092): CodeIgniter\View\View->render('pautas/ver', Array, true)
#4 C:\xampp\htdocs\projeto-escola\app\Controllers\Pautas.php(144): view('pautas/ver', Array)
#5 C:\xampp\htdocs\projeto-escola\system\CodeIgniter.php(802): App\Controllers\Pautas->ver(2)
#6 C:\xampp\htdocs\projeto-escola\system\CodeIgniter.php(399): CodeIgniter\CodeIgniter->runController(Object(App\Controllers\Pautas))
#7 C:\xampp\htdocs\projeto-escola\system\CodeIgniter.php(317): CodeIgniter\CodeIgniter->handleRequest(NULL, Object(Config\Cache), false)
#8 C:\xampp\htdocs\projeto-escola\public\index.php(37): CodeIgniter\CodeIgniter->run()
#9 {main}
CRITICAL - 2026-02-19 22:11:41 --> Undefined array key "pct_positivas"
#0 C:\xampp\htdocs\projeto-escola\app\Views\pautas\lancar.php(127): CodeIgniter\Debug\Exceptions->errorHandler(2, 'Undefined array...', 'C:\\xampp\\htdocs...', 127)
#1 C:\xampp\htdocs\projeto-escola\system\View\View.php(214): include('C:\\xampp\\htdocs...')
#2 C:\xampp\htdocs\projeto-escola\system\View\View.php(217): CodeIgniter\View\View->CodeIgniter\View\{closure}()
#3 C:\xampp\htdocs\projeto-escola\system\Common.php(1092): CodeIgniter\View\View->render('pautas/lancar', Array, true)
#4 C:\xampp\htdocs\projeto-escola\app\Controllers\Pautas.php(86): view('pautas/lancar', Array)
#5 C:\xampp\htdocs\projeto-escola\system\CodeIgniter.php(802): App\Controllers\Pautas->lancar(1)
#6 C:\xampp\htdocs\projeto-escola\system\CodeIgniter.php(399): CodeIgniter\CodeIgniter->runController(Object(App\Controllers\Pautas))
#7 C:\xampp\htdocs\projeto-escola\system\CodeIgniter.php(317): CodeIgniter\CodeIgniter->handleRequest(NULL, Object(Config\Cache), false)
#8 C:\xampp\htdocs\projeto-escola\public\index.php(37): CodeIgniter\CodeIgniter->run()
#9 {main}
CRITICAL - 2026-02-19 22:11:55 --> Undefined array key "pct_positivas"
#0 C:\xampp\htdocs\projeto-escola\app\Views\pautas\lancar.php(127): CodeIgniter\Debug\Exceptions->errorHandler(2, 'Undefined array...', 'C:\\xampp\\htdocs...', 127)
#1 C:\xampp\htdocs\projeto-escola\system\View\View.php(214): include('C:\\xampp\\htdocs...')
#2 C:\xampp\htdocs\projeto-escola\system\View\View.php(217): CodeIgniter\View\View->CodeIgniter\View\{closure}()
#3 C:\xampp\htdocs\projeto-escola\system\Common.php(1092): CodeIgniter\View\View->render('pautas/lancar', Array, true)
#4 C:\xampp\htdocs\projeto-escola\app\Controllers\Pautas.php(86): view('pautas/lancar', Array)
#5 C:\xampp\htdocs\projeto-escola\system\CodeIgniter.php(802): App\Controllers\Pautas->lancar(1)
#6 C:\xampp\htdocs\projeto-escola\system\CodeIgniter.php(399): CodeIgniter\CodeIgniter->runController(Object(App\Controllers\Pautas))
#7 C:\xampp\htdocs\projeto-escola\system\CodeIgniter.php(317): CodeIgniter\CodeIgniter->handleRequest(NULL, Object(Config\Cache), false)
#8 C:\xampp\htdocs\projeto-escola\public\index.php(37): CodeIgniter\CodeIgniter->run()
#9 {main}
CRITICAL - 2026-02-19 22:13:52 --> Undefined array key "pct_positivas"
#0 C:\xampp\htdocs\projeto-escola\app\Views\pautas\lancar.php(127): CodeIgniter\Debug\Exceptions->errorHandler(2, 'Undefined array...', 'C:\\xampp\\htdocs...', 127)
#1 C:\xampp\htdocs\projeto-escola\system\View\View.php(214): include('C:\\xampp\\htdocs...')
#2 C:\xampp\htdocs\projeto-escola\system\View\View.php(217): CodeIgniter\View\View->CodeIgniter\View\{closure}()
#3 C:\xampp\htdocs\projeto-escola\system\Common.php(1092): CodeIgniter\View\View->render('pautas/lancar', Array, true)
#4 C:\xampp\htdocs\projeto-escola\app\Controllers\Pautas.php(141): view('pautas/lancar', Array)
#5 C:\xampp\htdocs\projeto-escola\system\CodeIgniter.php(802): App\Controllers\Pautas->lancar(1)
#6 C:\xampp\htdocs\projeto-escola\system\CodeIgniter.php(399): CodeIgniter\CodeIgniter->runController(Object(App\Controllers\Pautas))
#7 C:\xampp\htdocs\projeto-escola\system\CodeIgniter.php(317): CodeIgniter\CodeIgniter->handleRequest(NULL, Object(Config\Cache), false)
#8 C:\xampp\htdocs\projeto-escola\public\index.php(37): CodeIgniter\CodeIgniter->run()
#9 {main}
CRITICAL - 2026-02-19 22:14:38 --> Undefined array key "pct_positivas"
#0 C:\xampp\htdocs\projeto-escola\app\Views\pautas\lancar.php(127): CodeIgniter\Debug\Exceptions->errorHandler(2, 'Undefined array...', 'C:\\xampp\\htdocs...', 127)
#1 C:\xampp\htdocs\projeto-escola\system\View\View.php(214): include('C:\\xampp\\htdocs...')
#2 C:\xampp\htdocs\projeto-escola\system\View\View.php(217): CodeIgniter\View\View->CodeIgniter\View\{closure}()
#3 C:\xampp\htdocs\projeto-escola\system\Common.php(1092): CodeIgniter\View\View->render('pautas/lancar', Array, true)
#4 C:\xampp\htdocs\projeto-escola\app\Controllers\Pautas.php(141): view('pautas/lancar', Array)
#5 C:\xampp\htdocs\projeto-escola\system\CodeIgniter.php(802): App\Controllers\Pautas->lancar(1)
#6 C:\xampp\htdocs\projeto-escola\system\CodeIgniter.php(399): CodeIgniter\CodeIgniter->runController(Object(App\Controllers\Pautas))
#7 C:\xampp\htdocs\projeto-escola\system\CodeIgniter.php(317): CodeIgniter\CodeIgniter->handleRequest(NULL, Object(Config\Cache), false)
#8 C:\xampp\htdocs\projeto-escola\public\index.php(37): CodeIgniter\CodeIgniter->run()
#9 {main}
CRITICAL - 2026-02-19 22:35:14 --> Call to undefined method App\Models\NotaModel::getEstatisticas
#0 C:\xampp\htdocs\projeto-escola\app\Controllers\Pautas.php(139): CodeIgniter\Model->__call('getEstatisticas', Array)
#1 C:\xampp\htdocs\projeto-escola\system\CodeIgniter.php(802): App\Controllers\Pautas->lancar(1)
#2 C:\xampp\htdocs\projeto-escola\system\CodeIgniter.php(399): CodeIgniter\CodeIgniter->runController(Object(App\Controllers\Pautas))
#3 C:\xampp\htdocs\projeto-escola\system\CodeIgniter.php(317): CodeIgniter\CodeIgniter->handleRequest(NULL, Object(Config\Cache), false)
#4 C:\xampp\htdocs\projeto-escola\public\index.php(37): CodeIgniter\CodeIgniter->run()
#5 {main}
CRITICAL - 2026-02-19 22:35:19 --> Call to undefined method App\Models\NotaModel::getTurmasProfessor
#0 C:\xampp\htdocs\projeto-escola\app\Controllers\Inicio.php(91): CodeIgniter\Model->__call('getTurmasProfes...', Array)
#1 C:\xampp\htdocs\projeto-escola\app\Controllers\Inicio.php(20): App\Controllers\Inicio->painelProfessor()
#2 C:\xampp\htdocs\projeto-escola\system\CodeIgniter.php(802): App\Controllers\Inicio->index()
#3 C:\xampp\htdocs\projeto-escola\system\CodeIgniter.php(399): CodeIgniter\CodeIgniter->runController(Object(App\Controllers\Inicio))
#4 C:\xampp\htdocs\projeto-escola\system\CodeIgniter.php(317): CodeIgniter\CodeIgniter->handleRequest(NULL, Object(Config\Cache), false)
#5 C:\xampp\htdocs\projeto-escola\public\index.php(37): CodeIgniter\CodeIgniter->run()
#6 {main}
CRITICAL - 2026-02-19 22:35:21 --> Call to undefined method App\Models\NotaModel::getTurmasProfessor
#0 C:\xampp\htdocs\projeto-escola\app\Controllers\Pautas.php(44): CodeIgniter\Model->__call('getTurmasProfes...', Array)
#1 C:\xampp\htdocs\projeto-escola\system\CodeIgniter.php(802): App\Controllers\Pautas->index()
#2 C:\xampp\htdocs\projeto-escola\system\CodeIgniter.php(399): CodeIgniter\CodeIgniter->runController(Object(App\Controllers\Pautas))
#3 C:\xampp\htdocs\projeto-escola\system\CodeIgniter.php(317): CodeIgniter\CodeIgniter->handleRequest(NULL, Object(Config\Cache), false)
#4 C:\xampp\htdocs\projeto-escola\public\index.php(37): CodeIgniter\CodeIgniter->run()
#5 {main}
CRITICAL - 2026-02-19 22:35:23 --> Call to undefined method App\Models\NotaModel::getTurmasProfessor
#0 C:\xampp\htdocs\projeto-escola\app\Controllers\Inicio.php(91): CodeIgniter\Model->__call('getTurmasProfes...', Array)
#1 C:\xampp\htdocs\projeto-escola\app\Controllers\Inicio.php(20): App\Controllers\Inicio->painelProfessor()
#2 C:\xampp\htdocs\projeto-escola\system\CodeIgniter.php(802): App\Controllers\Inicio->index()
#3 C:\xampp\htdocs\projeto-escola\system\CodeIgniter.php(399): CodeIgniter\CodeIgniter->runController(Object(App\Controllers\Inicio))
#4 C:\xampp\htdocs\projeto-escola\system\CodeIgniter.php(317): CodeIgniter\CodeIgniter->handleRequest(NULL, Object(Config\Cache), false)
#5 C:\xampp\htdocs\projeto-escola\public\index.php(37): CodeIgniter\CodeIgniter->run()
#6 {main}
CRITICAL - 2026-02-19 22:35:57 --> Call to undefined method App\Models\NotaModel::getTurmasProfessor
#0 C:\xampp\htdocs\projeto-escola\app\Controllers\Pautas.php(44): CodeIgniter\Model->__call('getTurmasProfes...', Array)
#1 C:\xampp\htdocs\projeto-escola\system\CodeIgniter.php(802): App\Controllers\Pautas->index()
#2 C:\xampp\htdocs\projeto-escola\system\CodeIgniter.php(399): CodeIgniter\CodeIgniter->runController(Object(App\Controllers\Pautas))
#3 C:\xampp\htdocs\projeto-escola\system\CodeIgniter.php(317): CodeIgniter\CodeIgniter->handleRequest(NULL, Object(Config\Cache), false)
#4 C:\xampp\htdocs\projeto-escola\public\index.php(37): CodeIgniter\CodeIgniter->run()
#5 {main}
CRITICAL - 2026-02-19 22:36:02 --> Call to undefined method App\Models\NotaModel::getTurmasProfessor
#0 C:\xampp\htdocs\projeto-escola\app\Controllers\Inicio.php(91): CodeIgniter\Model->__call('getTurmasProfes...', Array)
#1 C:\xampp\htdocs\projeto-escola\app\Controllers\Inicio.php(20): App\Controllers\Inicio->painelProfessor()
#2 C:\xampp\htdocs\projeto-escola\system\CodeIgniter.php(802): App\Controllers\Inicio->index()
#3 C:\xampp\htdocs\projeto-escola\system\CodeIgniter.php(399): CodeIgniter\CodeIgniter->runController(Object(App\Controllers\Inicio))
#4 C:\xampp\htdocs\projeto-escola\system\CodeIgniter.php(317): CodeIgniter\CodeIgniter->handleRequest(NULL, Object(Config\Cache), false)
#5 C:\xampp\htdocs\projeto-escola\public\index.php(37): CodeIgniter\CodeIgniter->run()
#6 {main}
CRITICAL - 2026-02-19 22:37:16 --> Call to undefined method App\Models\NotaModel::getTurmasProfessor
#0 C:\xampp\htdocs\projeto-escola\app\Controllers\Inicio.php(91): CodeIgniter\Model->__call('getTurmasProfes...', Array)
#1 C:\xampp\htdocs\projeto-escola\app\Controllers\Inicio.php(20): App\Controllers\Inicio->painelProfessor()
#2 C:\xampp\htdocs\projeto-escola\system\CodeIgniter.php(802): App\Controllers\Inicio->index()
#3 C:\xampp\htdocs\projeto-escola\system\CodeIgniter.php(399): CodeIgniter\CodeIgniter->runController(Object(App\Controllers\Inicio))
#4 C:\xampp\htdocs\projeto-escola\system\CodeIgniter.php(317): CodeIgniter\CodeIgniter->handleRequest(NULL, Object(Config\Cache), false)
#5 C:\xampp\htdocs\projeto-escola\public\index.php(37): CodeIgniter\CodeIgniter->run()
#6 {main}
CRITICAL - 2026-02-19 22:37:43 --> Call to undefined method App\Models\NotaModel::getEstatisticas
#0 C:\xampp\htdocs\projeto-escola\app\Controllers\Pautas.php(139): CodeIgniter\Model->__call('getEstatisticas', Array)
#1 C:\xampp\htdocs\projeto-escola\system\CodeIgniter.php(802): App\Controllers\Pautas->lancar(2)
#2 C:\xampp\htdocs\projeto-escola\system\CodeIgniter.php(399): CodeIgniter\CodeIgniter->runController(Object(App\Controllers\Pautas))
#3 C:\xampp\htdocs\projeto-escola\system\CodeIgniter.php(317): CodeIgniter\CodeIgniter->handleRequest(NULL, Object(Config\Cache), false)
#4 C:\xampp\htdocs\projeto-escola\public\index.php(37): CodeIgniter\CodeIgniter->run()
#5 {main}
CRITICAL - 2026-02-19 22:41:18 --> Call to undefined method App\Models\NotaModel::getPautaCompleta
#0 C:\xampp\htdocs\projeto-escola\app\Controllers\Pautas.php(251): CodeIgniter\Model->__call('getPautaComplet...', Array)
#1 C:\xampp\htdocs\projeto-escola\system\CodeIgniter.php(802): App\Controllers\Pautas->ver(2)
#2 C:\xampp\htdocs\projeto-escola\system\CodeIgniter.php(399): CodeIgniter\CodeIgniter->runController(Object(App\Controllers\Pautas))
#3 C:\xampp\htdocs\projeto-escola\system\CodeIgniter.php(317): CodeIgniter\CodeIgniter->handleRequest(NULL, Object(Config\Cache), false)
#4 C:\xampp\htdocs\projeto-escola\public\index.php(37): CodeIgniter\CodeIgniter->run()
#5 {main}
CRITICAL - 2026-02-19 22:42:16 --> Undefined array key "mfd"
#0 C:\xampp\htdocs\projeto-escola\app\Views\pautas\ver.php(160): CodeIgniter\Debug\Exceptions->errorHandler(2, 'Undefined array...', 'C:\\xampp\\htdocs...', 160)
#1 C:\xampp\htdocs\projeto-escola\system\View\View.php(214): include('C:\\xampp\\htdocs...')
#2 C:\xampp\htdocs\projeto-escola\system\View\View.php(217): CodeIgniter\View\View->CodeIgniter\View\{closure}()
#3 C:\xampp\htdocs\projeto-escola\system\Common.php(1092): CodeIgniter\View\View->render('pautas/ver', Array, true)
#4 C:\xampp\htdocs\projeto-escola\app\Controllers\Pautas.php(260): view('pautas/ver', Array)
#5 C:\xampp\htdocs\projeto-escola\system\CodeIgniter.php(802): App\Controllers\Pautas->ver(2)
#6 C:\xampp\htdocs\projeto-escola\system\CodeIgniter.php(399): CodeIgniter\CodeIgniter->runController(Object(App\Controllers\Pautas))
#7 C:\xampp\htdocs\projeto-escola\system\CodeIgniter.php(317): CodeIgniter\CodeIgniter->handleRequest(NULL, Object(Config\Cache), false)
#8 C:\xampp\htdocs\projeto-escola\public\index.php(37): CodeIgniter\CodeIgniter->run()
#9 {main}
CRITICAL - 2026-02-19 22:43:25 --> Cannot redeclare fmtNota() (previously declared in C:\xampp\htdocs\projeto-escola\app\Views\pautas\ver.php:128)
#0 [internal function]: CodeIgniter\Debug\Exceptions->shutdownHandler()
#1 {main}
