ERROR - 2026-02-24 02:38:28 --> mysqli_sql_exception: Unknown column 'DISTINCT' in 'field list' in C:\xampp\htdocs\projeto-escola\system\Database\MySQLi\Connection.php:295
Stack trace:
#0 C:\xampp\htdocs\projeto-escola\system\Database\MySQLi\Connection.php(295): mysqli->query('SELECT `DISTINC...', 0)
#1 C:\xampp\htdocs\projeto-escola\system\Database\BaseConnection.php(663): CodeIgniter\Database\MySQLi\Connection->execute('SELECT `DISTINC...')
#2 C:\xampp\htdocs\projeto-escola\system\Database\BaseConnection.php(591): CodeIgniter\Database\BaseConnection->simpleQuery('SELECT `DISTINC...')
#3 C:\xampp\htdocs\projeto-escola\system\Database\BaseBuilder.php(1428): CodeIgniter\Database\BaseConnection->query('SELECT `DISTINC...', Array, false)
#4 C:\xampp\htdocs\projeto-escola\app\Controllers\Documentos.php(41): CodeIgniter\Database\BaseBuilder->get()
#5 C:\xampp\htdocs\projeto-escola\system\CodeIgniter.php(802): App\Controllers\Documentos->index()
#6 C:\xampp\htdocs\projeto-escola\system\CodeIgniter.php(399): CodeIgniter\CodeIgniter->runController(Object(App\Controllers\Documentos))
#7 C:\xampp\htdocs\projeto-escola\system\CodeIgniter.php(317): CodeIgniter\CodeIgniter->handleRequest(NULL, Object(Config\Cache), false)
#8 C:\xampp\htdocs\projeto-escola\public\index.php(37): CodeIgniter\CodeIgniter->run()
#9 {main}
CRITICAL - 2026-02-24 02:38:28 --> Unknown column 'DISTINCT' in 'field list'
#0 C:\xampp\htdocs\projeto-escola\system\Database\BaseConnection.php(663): CodeIgniter\Database\MySQLi\Connection->execute('SELECT `DISTINC...')
#1 C:\xampp\htdocs\projeto-escola\system\Database\BaseConnection.php(591): CodeIgniter\Database\BaseConnection->simpleQuery('SELECT `DISTINC...')
#2 C:\xampp\htdocs\projeto-escola\system\Database\BaseBuilder.php(1428): CodeIgniter\Database\BaseConnection->query('SELECT `DISTINC...', Array, false)
#3 C:\xampp\htdocs\projeto-escola\app\Controllers\Documentos.php(41): CodeIgniter\Database\BaseBuilder->get()
#4 C:\xampp\htdocs\projeto-escola\system\CodeIgniter.php(802): App\Controllers\Documentos->index()
#5 C:\xampp\htdocs\projeto-escola\system\CodeIgniter.php(399): CodeIgniter\CodeIgniter->runController(Object(App\Controllers\Documentos))
#6 C:\xampp\htdocs\projeto-escola\system\CodeIgniter.php(317): CodeIgniter\CodeIgniter->handleRequest(NULL, Object(Config\Cache), false)
#7 C:\xampp\htdocs\projeto-escola\public\index.php(37): CodeIgniter\CodeIgniter->run()
#8 {main}
ERROR - 2026-02-24 03:43:47 --> mysqli_sql_exception: Unknown column 'DISTINCT' in 'field list' in C:\xampp\htdocs\projeto-escola\system\Database\MySQLi\Connection.php:295
Stack trace:
#0 C:\xampp\htdocs\projeto-escola\system\Database\MySQLi\Connection.php(295): mysqli->query('SELECT `DISTINC...', 0)
#1 C:\xampp\htdocs\projeto-escola\system\Database\BaseConnection.php(663): CodeIgniter\Database\MySQLi\Connection->execute('SELECT `DISTINC...')
#2 C:\xampp\htdocs\projeto-escola\system\Database\BaseConnection.php(591): CodeIgniter\Database\BaseConnection->simpleQuery('SELECT `DISTINC...')
#3 C:\xampp\htdocs\projeto-escola\system\Database\BaseBuilder.php(1428): CodeIgniter\Database\BaseConnection->query('SELECT `DISTINC...', Array, false)
#4 C:\xampp\htdocs\projeto-escola\app\Controllers\Documentos.php(41): CodeIgniter\Database\BaseBuilder->get()
#5 C:\xampp\htdocs\projeto-escola\system\CodeIgniter.php(802): App\Controllers\Documentos->index()
#6 C:\xampp\htdocs\projeto-escola\system\CodeIgniter.php(399): CodeIgniter\CodeIgniter->runController(Object(App\Controllers\Documentos))
#7 C:\xampp\htdocs\projeto-escola\system\CodeIgniter.php(317): CodeIgniter\CodeIgniter->handleRequest(NULL, Object(Config\Cache), false)
#8 C:\xampp\htdocs\projeto-escola\public\index.php(37): CodeIgniter\CodeIgniter->run()
#9 {main}
CRITICAL - 2026-02-24 03:43:47 --> Unknown column 'DISTINCT' in 'field list'
#0 C:\xampp\htdocs\projeto-escola\system\Database\BaseConnection.php(663): CodeIgniter\Database\MySQLi\Connection->execute('SELECT `DISTINC...')
#1 C:\xampp\htdocs\projeto-escola\system\Database\BaseConnection.php(591): CodeIgniter\Database\BaseConnection->simpleQuery('SELECT `DISTINC...')
#2 C:\xampp\htdocs\projeto-escola\system\Database\BaseBuilder.php(1428): CodeIgniter\Database\BaseConnection->query('SELECT `DISTINC...', Array, false)
#3 C:\xampp\htdocs\projeto-escola\app\Controllers\Documentos.php(41): CodeIgniter\Database\BaseBuilder->get()
#4 C:\xampp\htdocs\projeto-escola\system\CodeIgniter.php(802): App\Controllers\Documentos->index()
#5 C:\xampp\htdocs\projeto-escola\system\CodeIgniter.php(399): CodeIgniter\CodeIgniter->runController(Object(App\Controllers\Documentos))
#6 C:\xampp\htdocs\projeto-escola\system\CodeIgniter.php(317): CodeIgniter\CodeIgniter->handleRequest(NULL, Object(Config\Cache), false)
#7 C:\xampp\htdocs\projeto-escola\public\index.php(37): CodeIgniter\CodeIgniter->run()
#8 {main}
ERROR - 2026-02-24 03:43:54 --> mysqli_sql_exception: Unknown column 'DISTINCT' in 'field list' in C:\xampp\htdocs\projeto-escola\system\Database\MySQLi\Connection.php:295
Stack trace:
#0 C:\xampp\htdocs\projeto-escola\system\Database\MySQLi\Connection.php(295): mysqli->query('SELECT `DISTINC...', 0)
#1 C:\xampp\htdocs\projeto-escola\system\Database\BaseConnection.php(663): CodeIgniter\Database\MySQLi\Connection->execute('SELECT `DISTINC...')
#2 C:\xampp\htdocs\projeto-escola\system\Database\BaseConnection.php(591): CodeIgniter\Database\BaseConnection->simpleQuery('SELECT `DISTINC...')
#3 C:\xampp\htdocs\projeto-escola\system\Database\BaseBuilder.php(1428): CodeIgniter\Database\BaseConnection->query('SELECT `DISTINC...', Array, false)
#4 C:\xampp\htdocs\projeto-escola\app\Controllers\Documentos.php(41): CodeIgniter\Database\BaseBuilder->get()
#5 C:\xampp\htdocs\projeto-escola\system\CodeIgniter.php(802): App\Controllers\Documentos->index()
#6 C:\xampp\htdocs\projeto-escola\system\CodeIgniter.php(399): CodeIgniter\CodeIgniter->runController(Object(App\Controllers\Documentos))
#7 C:\xampp\htdocs\projeto-escola\system\CodeIgniter.php(317): CodeIgniter\CodeIgniter->handleRequest(NULL, Object(Config\Cache), false)
#8 C:\xampp\htdocs\projeto-escola\public\index.php(37): CodeIgniter\CodeIgniter->run()
#9 {main}
CRITICAL - 2026-02-24 03:43:54 --> Unknown column 'DISTINCT' in 'field list'
#0 C:\xampp\htdocs\projeto-escola\system\Database\BaseConnection.php(663): CodeIgniter\Database\MySQLi\Connection->execute('SELECT `DISTINC...')
#1 C:\xampp\htdocs\projeto-escola\system\Database\BaseConnection.php(591): CodeIgniter\Database\BaseConnection->simpleQuery('SELECT `DISTINC...')
#2 C:\xampp\htdocs\projeto-escola\system\Database\BaseBuilder.php(1428): CodeIgniter\Database\BaseConnection->query('SELECT `DISTINC...', Array, false)
#3 C:\xampp\htdocs\projeto-escola\app\Controllers\Documentos.php(41): CodeIgniter\Database\BaseBuilder->get()
#4 C:\xampp\htdocs\projeto-escola\system\CodeIgniter.php(802): App\Controllers\Documentos->index()
#5 C:\xampp\htdocs\projeto-escola\system\CodeIgniter.php(399): CodeIgniter\CodeIgniter->runController(Object(App\Controllers\Documentos))
#6 C:\xampp\htdocs\projeto-escola\system\CodeIgniter.php(317): CodeIgniter\CodeIgniter->handleRequest(NULL, Object(Config\Cache), false)
#7 C:\xampp\htdocs\projeto-escola\public\index.php(37): CodeIgniter\CodeIgniter->run()
#8 {main}
ERROR - 2026-02-24 03:44:08 --> mysqli_sql_exception: Unknown column 'DISTINCT' in 'field list' in C:\xampp\htdocs\projeto-escola\system\Database\MySQLi\Connection.php:295
Stack trace:
#0 C:\xampp\htdocs\projeto-escola\system\Database\MySQLi\Connection.php(295): mysqli->query('SELECT `DISTINC...', 0)
#1 C:\xampp\htdocs\projeto-escola\system\Database\BaseConnection.php(663): CodeIgniter\Database\MySQLi\Connection->execute('SELECT `DISTINC...')
#2 C:\xampp\htdocs\projeto-escola\system\Database\BaseConnection.php(591): CodeIgniter\Database\BaseConnection->simpleQuery('SELECT `DISTINC...')
#3 C:\xampp\htdocs\projeto-escola\system\Database\BaseBuilder.php(1428): CodeIgniter\Database\BaseConnection->query('SELECT `DISTINC...', Array, false)
#4 C:\xampp\htdocs\projeto-escola\app\Controllers\Documentos.php(41): CodeIgniter\Database\BaseBuilder->get()
#5 C:\xampp\htdocs\projeto-escola\system\CodeIgniter.php(802): App\Controllers\Documentos->index()
#6 C:\xampp\htdocs\projeto-escola\system\CodeIgniter.php(399): CodeIgniter\CodeIgniter->runController(Object(App\Controllers\Documentos))
#7 C:\xampp\htdocs\projeto-escola\system\CodeIgniter.php(317): CodeIgniter\CodeIgniter->handleRequest(NULL, Object(Config\Cache), false)
#8 C:\xampp\htdocs\projeto-escola\public\index.php(37): CodeIgniter\CodeIgniter->run()
#9 {main}
CRITICAL - 2026-02-24 03:44:08 --> Unknown column 'DISTINCT' in 'field list'
#0 C:\xampp\htdocs\projeto-escola\system\Database\BaseConnection.php(663): CodeIgniter\Database\MySQLi\Connection->execute('SELECT `DISTINC...')
#1 C:\xampp\htdocs\projeto-escola\system\Database\BaseConnection.php(591): CodeIgniter\Database\BaseConnection->simpleQuery('SELECT `DISTINC...')
#2 C:\xampp\htdocs\projeto-escola\system\Database\BaseBuilder.php(1428): CodeIgniter\Database\BaseConnection->query('SELECT `DISTINC...', Array, false)
#3 C:\xampp\htdocs\projeto-escola\app\Controllers\Documentos.php(41): CodeIgniter\Database\BaseBuilder->get()
#4 C:\xampp\htdocs\projeto-escola\system\CodeIgniter.php(802): App\Controllers\Documentos->index()
#5 C:\xampp\htdocs\projeto-escola\system\CodeIgniter.php(399): CodeIgniter\CodeIgniter->runController(Object(App\Controllers\Documentos))
#6 C:\xampp\htdocs\projeto-escola\system\CodeIgniter.php(317): CodeIgniter\CodeIgniter->handleRequest(NULL, Object(Config\Cache), false)
#7 C:\xampp\htdocs\projeto-escola\public\index.php(37): CodeIgniter\CodeIgniter->run()
#8 {main}
ERROR - 2026-02-24 03:45:11 --> mysqli_sql_exception: Unknown column 'DISTINCT' in 'field list' in C:\xampp\htdocs\projeto-escola\system\Database\MySQLi\Connection.php:295
Stack trace:
#0 C:\xampp\htdocs\projeto-escola\system\Database\MySQLi\Connection.php(295): mysqli->query('SELECT `DISTINC...', 0)
#1 C:\xampp\htdocs\projeto-escola\system\Database\BaseConnection.php(663): CodeIgniter\Database\MySQLi\Connection->execute('SELECT `DISTINC...')
#2 C:\xampp\htdocs\projeto-escola\system\Database\BaseConnection.php(591): CodeIgniter\Database\BaseConnection->simpleQuery('SELECT `DISTINC...')
#3 C:\xampp\htdocs\projeto-escola\system\Database\BaseBuilder.php(1428): CodeIgniter\Database\BaseConnection->query('SELECT `DISTINC...', Array, false)
#4 C:\xampp\htdocs\projeto-escola\app\Controllers\Documentos.php(41): CodeIgniter\Database\BaseBuilder->get()
#5 C:\xampp\htdocs\projeto-escola\system\CodeIgniter.php(802): App\Controllers\Documentos->index()
#6 C:\xampp\htdocs\projeto-escola\system\CodeIgniter.php(399): CodeIgniter\CodeIgniter->runController(Object(App\Controllers\Documentos))
#7 C:\xampp\htdocs\projeto-escola\system\CodeIgniter.php(317): CodeIgniter\CodeIgniter->handleRequest(NULL, Object(Config\Cache), false)
#8 C:\xampp\htdocs\projeto-escola\public\index.php(37): CodeIgniter\CodeIgniter->run()
#9 {main}
CRITICAL - 2026-02-24 03:45:11 --> Unknown column 'DISTINCT' in 'field list'
#0 C:\xampp\htdocs\projeto-escola\system\Database\BaseConnection.php(663): CodeIgniter\Database\MySQLi\Connection->execute('SELECT `DISTINC...')
#1 C:\xampp\htdocs\projeto-escola\system\Database\BaseConnection.php(591): CodeIgniter\Database\BaseConnection->simpleQuery('SELECT `DISTINC...')
#2 C:\xampp\htdocs\projeto-escola\system\Database\BaseBuilder.php(1428): CodeIgniter\Database\BaseConnection->query('SELECT `DISTINC...', Array, false)
#3 C:\xampp\htdocs\projeto-escola\app\Controllers\Documentos.php(41): CodeIgniter\Database\BaseBuilder->get()
#4 C:\xampp\htdocs\projeto-escola\system\CodeIgniter.php(802): App\Controllers\Documentos->index()
#5 C:\xampp\htdocs\projeto-escola\system\CodeIgniter.php(399): CodeIgniter\CodeIgniter->runController(Object(App\Controllers\Documentos))
#6 C:\xampp\htdocs\projeto-escola\system\CodeIgniter.php(317): CodeIgniter\CodeIgniter->handleRequest(NULL, Object(Config\Cache), false)
#7 C:\xampp\htdocs\projeto-escola\public\index.php(37): CodeIgniter\CodeIgniter->run()
#8 {main}
ERROR - 2026-02-24 03:45:18 --> mysqli_sql_exception: Unknown column 'DISTINCT' in 'field list' in C:\xampp\htdocs\projeto-escola\system\Database\MySQLi\Connection.php:295
Stack trace:
#0 C:\xampp\htdocs\projeto-escola\system\Database\MySQLi\Connection.php(295): mysqli->query('SELECT `DISTINC...', 0)
#1 C:\xampp\htdocs\projeto-escola\system\Database\BaseConnection.php(663): CodeIgniter\Database\MySQLi\Connection->execute('SELECT `DISTINC...')
#2 C:\xampp\htdocs\projeto-escola\system\Database\BaseConnection.php(591): CodeIgniter\Database\BaseConnection->simpleQuery('SELECT `DISTINC...')
#3 C:\xampp\htdocs\projeto-escola\system\Database\BaseBuilder.php(1428): CodeIgniter\Database\BaseConnection->query('SELECT `DISTINC...', Array, false)
#4 C:\xampp\htdocs\projeto-escola\app\Controllers\Documentos.php(41): CodeIgniter\Database\BaseBuilder->get()
#5 C:\xampp\htdocs\projeto-escola\system\CodeIgniter.php(802): App\Controllers\Documentos->index()
#6 C:\xampp\htdocs\projeto-escola\system\CodeIgniter.php(399): CodeIgniter\CodeIgniter->runController(Object(App\Controllers\Documentos))
#7 C:\xampp\htdocs\projeto-escola\system\CodeIgniter.php(317): CodeIgniter\CodeIgniter->handleRequest(NULL, Object(Config\Cache), false)
#8 C:\xampp\htdocs\projeto-escola\public\index.php(37): CodeIgniter\CodeIgniter->run()
#9 {main}
CRITICAL - 2026-02-24 03:45:18 --> Unknown column 'DISTINCT' in 'field list'
#0 C:\xampp\htdocs\projeto-escola\system\Database\BaseConnection.php(663): CodeIgniter\Database\MySQLi\Connection->execute('SELECT `DISTINC...')
#1 C:\xampp\htdocs\projeto-escola\system\Database\BaseConnection.php(591): CodeIgniter\Database\BaseConnection->simpleQuery('SELECT `DISTINC...')
#2 C:\xampp\htdocs\projeto-escola\system\Database\BaseBuilder.php(1428): CodeIgniter\Database\BaseConnection->query('SELECT `DISTINC...', Array, false)
#3 C:\xampp\htdocs\projeto-escola\app\Controllers\Documentos.php(41): CodeIgniter\Database\BaseBuilder->get()
#4 C:\xampp\htdocs\projeto-escola\system\CodeIgniter.php(802): App\Controllers\Documentos->index()
#5 C:\xampp\htdocs\projeto-escola\system\CodeIgniter.php(399): CodeIgniter\CodeIgniter->runController(Object(App\Controllers\Documentos))
#6 C:\xampp\htdocs\projeto-escola\system\CodeIgniter.php(317): CodeIgniter\CodeIgniter->handleRequest(NULL, Object(Config\Cache), false)
#7 C:\xampp\htdocs\projeto-escola\public\index.php(37): CodeIgniter\CodeIgniter->run()
#8 {main}
ERROR - 2026-02-24 03:45:40 --> mysqli_sql_exception: Unknown column 'DISTINCT' in 'field list' in C:\xampp\htdocs\projeto-escola\system\Database\MySQLi\Connection.php:295
Stack trace:
#0 C:\xampp\htdocs\projeto-escola\system\Database\MySQLi\Connection.php(295): mysqli->query('SELECT `DISTINC...', 0)
#1 C:\xampp\htdocs\projeto-escola\system\Database\BaseConnection.php(663): CodeIgniter\Database\MySQLi\Connection->execute('SELECT `DISTINC...')
#2 C:\xampp\htdocs\projeto-escola\system\Database\BaseConnection.php(591): CodeIgniter\Database\BaseConnection->simpleQuery('SELECT `DISTINC...')
#3 C:\xampp\htdocs\projeto-escola\system\Database\BaseBuilder.php(1428): CodeIgniter\Database\BaseConnection->query('SELECT `DISTINC...', Array, false)
#4 C:\xampp\htdocs\projeto-escola\app\Controllers\Documentos.php(41): CodeIgniter\Database\BaseBuilder->get()
#5 C:\xampp\htdocs\projeto-escola\system\CodeIgniter.php(802): App\Controllers\Documentos->index()
#6 C:\xampp\htdocs\projeto-escola\system\CodeIgniter.php(399): CodeIgniter\CodeIgniter->runController(Object(App\Controllers\Documentos))
#7 C:\xampp\htdocs\projeto-escola\system\CodeIgniter.php(317): CodeIgniter\CodeIgniter->handleRequest(NULL, Object(Config\Cache), false)
#8 C:\xampp\htdocs\projeto-escola\public\index.php(37): CodeIgniter\CodeIgniter->run()
#9 {main}
CRITICAL - 2026-02-24 03:45:40 --> Unknown column 'DISTINCT' in 'field list'
#0 C:\xampp\htdocs\projeto-escola\system\Database\BaseConnection.php(663): CodeIgniter\Database\MySQLi\Connection->execute('SELECT `DISTINC...')
#1 C:\xampp\htdocs\projeto-escola\system\Database\BaseConnection.php(591): CodeIgniter\Database\BaseConnection->simpleQuery('SELECT `DISTINC...')
#2 C:\xampp\htdocs\projeto-escola\system\Database\BaseBuilder.php(1428): CodeIgniter\Database\BaseConnection->query('SELECT `DISTINC...', Array, false)
#3 C:\xampp\htdocs\projeto-escola\app\Controllers\Documentos.php(41): CodeIgniter\Database\BaseBuilder->get()
#4 C:\xampp\htdocs\projeto-escola\system\CodeIgniter.php(802): App\Controllers\Documentos->index()
#5 C:\xampp\htdocs\projeto-escola\system\CodeIgniter.php(399): CodeIgniter\CodeIgniter->runController(Object(App\Controllers\Documentos))
#6 C:\xampp\htdocs\projeto-escola\system\CodeIgniter.php(317): CodeIgniter\CodeIgniter->handleRequest(NULL, Object(Config\Cache), false)
#7 C:\xampp\htdocs\projeto-escola\public\index.php(37): CodeIgniter\CodeIgniter->run()
#8 {main}
CRITICAL - 2026-02-24 04:53:48 --> Undefined property: CodeIgniter\View\View::$request
#0 C:\xampp\htdocs\projeto-escola\app\Views\documentos\declaracao_com_notas.php(31): CodeIgniter\Debug\Exceptions->errorHandler(2, 'Undefined prope...', 'C:\\xampp\\htdocs...', 31)
#1 C:\xampp\htdocs\projeto-escola\system\View\View.php(214): include('C:\\xampp\\htdocs...')
#2 C:\xampp\htdocs\projeto-escola\system\View\View.php(217): CodeIgniter\View\View->CodeIgniter\View\{closure}()
#3 C:\xampp\htdocs\projeto-escola\system\Common.php(1092): CodeIgniter\View\View->render('documentos/decl...', Array, true)
#4 C:\xampp\htdocs\projeto-escola\app\Controllers\Documentos.php(134): view('documentos/decl...', Array)
#5 C:\xampp\htdocs\projeto-escola\system\CodeIgniter.php(802): App\Controllers\Documentos->declaracaoComNotas(3)
#6 C:\xampp\htdocs\projeto-escola\system\CodeIgniter.php(399): CodeIgniter\CodeIgniter->runController(Object(App\Controllers\Documentos))
#7 C:\xampp\htdocs\projeto-escola\system\CodeIgniter.php(317): CodeIgniter\CodeIgniter->handleRequest(NULL, Object(Config\Cache), false)
#8 C:\xampp\htdocs\projeto-escola\public\index.php(37): CodeIgniter\CodeIgniter->run()
#9 {main}
CRITICAL - 2026-02-24 04:59:09 --> Undefined property: CodeIgniter\View\View::$request
#0 C:\xampp\htdocs\projeto-escola\app\Views\documentos\declaracao_sem_notas.php(150): CodeIgniter\Debug\Exceptions->errorHandler(2, 'Undefined prope...', 'C:\\xampp\\htdocs...', 150)
#1 C:\xampp\htdocs\projeto-escola\system\View\View.php(214): include('C:\\xampp\\htdocs...')
#2 C:\xampp\htdocs\projeto-escola\system\View\View.php(217): CodeIgniter\View\View->CodeIgniter\View\{closure}()
#3 C:\xampp\htdocs\projeto-escola\system\Common.php(1092): CodeIgniter\View\View->render('documentos/decl...', Array, true)
#4 C:\xampp\htdocs\projeto-escola\app\Controllers\Documentos.php(150): view('documentos/decl...', Array)
#5 C:\xampp\htdocs\projeto-escola\system\CodeIgniter.php(802): App\Controllers\Documentos->declaracaoSemNotas(3)
#6 C:\xampp\htdocs\projeto-escola\system\CodeIgniter.php(399): CodeIgniter\CodeIgniter->runController(Object(App\Controllers\Documentos))
#7 C:\xampp\htdocs\projeto-escola\system\CodeIgniter.php(317): CodeIgniter\CodeIgniter->handleRequest(NULL, Object(Config\Cache), false)
#8 C:\xampp\htdocs\projeto-escola\public\index.php(37): CodeIgniter\CodeIgniter->run()
#9 {main}
CRITICAL - 2026-02-24 04:59:59 --> Undefined property: CodeIgniter\View\View::$request
#0 C:\xampp\htdocs\projeto-escola\app\Views\documentos\declaracao_sem_notas.php(150): CodeIgniter\Debug\Exceptions->errorHandler(2, 'Undefined prope...', 'C:\\xampp\\htdocs...', 150)
#1 C:\xampp\htdocs\projeto-escola\system\View\View.php(214): include('C:\\xampp\\htdocs...')
#2 C:\xampp\htdocs\projeto-escola\system\View\View.php(217): CodeIgniter\View\View->CodeIgniter\View\{closure}()
#3 C:\xampp\htdocs\projeto-escola\system\Common.php(1092): CodeIgniter\View\View->render('documentos/decl...', Array, true)
#4 C:\xampp\htdocs\projeto-escola\app\Controllers\Documentos.php(150): view('documentos/decl...', Array)
#5 C:\xampp\htdocs\projeto-escola\system\CodeIgniter.php(802): App\Controllers\Documentos->declaracaoSemNotas(3)
#6 C:\xampp\htdocs\projeto-escola\system\CodeIgniter.php(399): CodeIgniter\CodeIgniter->runController(Object(App\Controllers\Documentos))
#7 C:\xampp\htdocs\projeto-escola\system\CodeIgniter.php(317): CodeIgniter\CodeIgniter->handleRequest(NULL, Object(Config\Cache), false)
#8 C:\xampp\htdocs\projeto-escola\public\index.php(37): CodeIgniter\CodeIgniter->run()
#9 {main}
CRITICAL - 2026-02-24 06:13:33 --> You must set the database table to be used with your query.
#0 C:\xampp\htdocs\projeto-escola\system\Model.php(545): CodeIgniter\Database\BaseConnection->table(NULL)
#1 C:\xampp\htdocs\projeto-escola\system\Model.php(509): CodeIgniter\Model->builder()
#2 C:\xampp\htdocs\projeto-escola\app\Controllers\Inicio.php(35): CodeIgniter\Model->countAllResults()
#3 C:\xampp\htdocs\projeto-escola\app\Controllers\Inicio.php(27): App\Controllers\Inicio->dashboardGeral()
#4 C:\xampp\htdocs\projeto-escola\system\CodeIgniter.php(802): App\Controllers\Inicio->index()
#5 C:\xampp\htdocs\projeto-escola\system\CodeIgniter.php(399): CodeIgniter\CodeIgniter->runController(Object(App\Controllers\Inicio))
#6 C:\xampp\htdocs\projeto-escola\system\CodeIgniter.php(317): CodeIgniter\CodeIgniter->handleRequest(NULL, Object(Config\Cache), false)
#7 C:\xampp\htdocs\projeto-escola\public\index.php(37): CodeIgniter\CodeIgniter->run()
#8 {main}
CRITICAL - 2026-02-24 06:15:10 --> You must set the database table to be used with your query.
#0 C:\xampp\htdocs\projeto-escola\system\Model.php(545): CodeIgniter\Database\BaseConnection->table(NULL)
#1 C:\xampp\htdocs\projeto-escola\system\Model.php(509): CodeIgniter\Model->builder()
#2 C:\xampp\htdocs\projeto-escola\app\Controllers\Inicio.php(35): CodeIgniter\Model->countAllResults()
#3 C:\xampp\htdocs\projeto-escola\app\Controllers\Inicio.php(27): App\Controllers\Inicio->dashboardGeral()
#4 C:\xampp\htdocs\projeto-escola\system\CodeIgniter.php(802): App\Controllers\Inicio->index()
#5 C:\xampp\htdocs\projeto-escola\system\CodeIgniter.php(399): CodeIgniter\CodeIgniter->runController(Object(App\Controllers\Inicio))
#6 C:\xampp\htdocs\projeto-escola\system\CodeIgniter.php(317): CodeIgniter\CodeIgniter->handleRequest(NULL, Object(Config\Cache), false)
#7 C:\xampp\htdocs\projeto-escola\public\index.php(37): CodeIgniter\CodeIgniter->run()
#8 {main}
CRITICAL - 2026-02-24 06:15:24 --> You must set the database table to be used with your query.
#0 C:\xampp\htdocs\projeto-escola\system\Model.php(545): CodeIgniter\Database\BaseConnection->table(NULL)
#1 C:\xampp\htdocs\projeto-escola\system\Model.php(509): CodeIgniter\Model->builder()
#2 C:\xampp\htdocs\projeto-escola\app\Controllers\Inicio.php(35): CodeIgniter\Model->countAllResults()
#3 C:\xampp\htdocs\projeto-escola\app\Controllers\Inicio.php(27): App\Controllers\Inicio->dashboardGeral()
#4 C:\xampp\htdocs\projeto-escola\system\CodeIgniter.php(802): App\Controllers\Inicio->index()
#5 C:\xampp\htdocs\projeto-escola\system\CodeIgniter.php(399): CodeIgniter\CodeIgniter->runController(Object(App\Controllers\Inicio))
#6 C:\xampp\htdocs\projeto-escola\system\CodeIgniter.php(317): CodeIgniter\CodeIgniter->handleRequest(NULL, Object(Config\Cache), false)
#7 C:\xampp\htdocs\projeto-escola\public\index.php(37): CodeIgniter\CodeIgniter->run()
#8 {main}
