CRITICAL - 2026-02-18 11:19:15 --> Undefined property: App\Controllers\Pautas::$db
#0 C:\xampp\htdocs\projeto-escola\app\Controllers\Pautas.php(48): CodeIgniter\Debug\Exceptions->errorHandler(2, 'Undefined prope...', 'C:\\xampp\\htdocs...', 48)
#1 C:\xampp\htdocs\projeto-escola\system\CodeIgniter.php(802): App\Controllers\Pautas->index()
#2 C:\xampp\htdocs\projeto-escola\system\CodeIgniter.php(399): CodeIgniter\CodeIgniter->runController(Object(App\Controllers\Pautas))
#3 C:\xampp\htdocs\projeto-escola\system\CodeIgniter.php(317): CodeIgniter\CodeIgniter->handleRequest(NULL, Object(Config\Cache), false)
#4 C:\xampp\htdocs\projeto-escola\public\index.php(37): CodeIgniter\CodeIgniter->run()
#5 {main}
CRITICAL - 2026-02-18 11:19:25 --> Undefined property: App\Controllers\Pautas::$db
#0 C:\xampp\htdocs\projeto-escola\app\Controllers\Pautas.php(48): CodeIgniter\Debug\Exceptions->errorHandler(2, 'Undefined prope...', 'C:\\xampp\\htdocs...', 48)
#1 C:\xampp\htdocs\projeto-escola\system\CodeIgniter.php(802): App\Controllers\Pautas->index()
#2 C:\xampp\htdocs\projeto-escola\system\CodeIgniter.php(399): CodeIgniter\CodeIgniter->runController(Object(App\Controllers\Pautas))
#3 C:\xampp\htdocs\projeto-escola\system\CodeIgniter.php(317): CodeIgniter\CodeIgniter->handleRequest(NULL, Object(Config\Cache), false)
#4 C:\xampp\htdocs\projeto-escola\public\index.php(37): CodeIgniter\CodeIgniter->run()
#5 {main}
CRITICAL - 2026-02-18 11:19:32 --> Undefined property: App\Controllers\Pautas::$db
#0 C:\xampp\htdocs\projeto-escola\app\Controllers\Pautas.php(48): CodeIgniter\Debug\Exceptions->errorHandler(2, 'Undefined prope...', 'C:\\xampp\\htdocs...', 48)
#1 C:\xampp\htdocs\projeto-escola\system\CodeIgniter.php(802): App\Controllers\Pautas->index()
#2 C:\xampp\htdocs\projeto-escola\system\CodeIgniter.php(399): CodeIgniter\CodeIgniter->runController(Object(App\Controllers\Pautas))
#3 C:\xampp\htdocs\projeto-escola\system\CodeIgniter.php(317): CodeIgniter\CodeIgniter->handleRequest(NULL, Object(Config\Cache), false)
#4 C:\xampp\htdocs\projeto-escola\public\index.php(37): CodeIgniter\CodeIgniter->run()
#5 {main}
CRITICAL - 2026-02-18 11:19:54 --> Undefined property: App\Controllers\Pautas::$db
#0 C:\xampp\htdocs\projeto-escola\app\Controllers\Pautas.php(48): CodeIgniter\Debug\Exceptions->errorHandler(2, 'Undefined prope...', 'C:\\xampp\\htdocs...', 48)
#1 C:\xampp\htdocs\projeto-escola\system\CodeIgniter.php(802): App\Controllers\Pautas->index()
#2 C:\xampp\htdocs\projeto-escola\system\CodeIgniter.php(399): CodeIgniter\CodeIgniter->runController(Object(App\Controllers\Pautas))
#3 C:\xampp\htdocs\projeto-escola\system\CodeIgniter.php(317): CodeIgniter\CodeIgniter->handleRequest(NULL, Object(Config\Cache), false)
#4 C:\xampp\htdocs\projeto-escola\public\index.php(37): CodeIgniter\CodeIgniter->run()
#5 {main}
CRITICAL - 2026-02-18 11:20:16 --> Undefined property: App\Controllers\Pautas::$db
#0 C:\xampp\htdocs\projeto-escola\app\Controllers\Pautas.php(48): CodeIgniter\Debug\Exceptions->errorHandler(2, 'Undefined prope...', 'C:\\xampp\\htdocs...', 48)
#1 C:\xampp\htdocs\projeto-escola\system\CodeIgniter.php(802): App\Controllers\Pautas->index()
#2 C:\xampp\htdocs\projeto-escola\system\CodeIgniter.php(399): CodeIgniter\CodeIgniter->runController(Object(App\Controllers\Pautas))
#3 C:\xampp\htdocs\projeto-escola\system\CodeIgniter.php(317): CodeIgniter\CodeIgniter->handleRequest(NULL, Object(Config\Cache), false)
#4 C:\xampp\htdocs\projeto-escola\public\index.php(37): CodeIgniter\CodeIgniter->run()
#5 {main}
CRITICAL - 2026-02-18 11:47:15 --> syntax error, unexpected token "fn", expecting "("
#0 C:\xampp\htdocs\projeto-escola\system\View\View.php(217): CodeIgniter\View\View->CodeIgniter\View\{closure}()
#1 C:\xampp\htdocs\projeto-escola\system\Common.php(1092): CodeIgniter\View\View->render('pautas/imprimir', Array, true)
#2 C:\xampp\htdocs\projeto-escola\app\Controllers\Pautas.php(290): view('pautas/imprimir', Array)
#3 C:\xampp\htdocs\projeto-escola\system\CodeIgniter.php(802): App\Controllers\Pautas->imprimir(1)
#4 C:\xampp\htdocs\projeto-escola\system\CodeIgniter.php(399): CodeIgniter\CodeIgniter->runController(Object(App\Controllers\Pautas))
#5 C:\xampp\htdocs\projeto-escola\system\CodeIgniter.php(317): CodeIgniter\CodeIgniter->handleRequest(NULL, Object(Config\Cache), false)
#6 C:\xampp\htdocs\projeto-escola\public\index.php(37): CodeIgniter\CodeIgniter->run()
#7 {main}
