CRITICAL - 2026-02-16 19:01:11 --> auth filter must have a matching alias defined.
#0 C:\xampp\htdocs\projeto-escola\system\Filters\Filters.php(338): CodeIgniter\Filters\Exceptions\FilterException::forNoAlias('auth')
#1 C:\xampp\htdocs\projeto-escola\system\CodeIgniter.php(366): CodeIgniter\Filters\Filters->enableFilter('auth', 'before')
#2 C:\xampp\htdocs\projeto-escola\system\CodeIgniter.php(317): CodeIgniter\CodeIgniter->handleRequest(NULL, Object(Config\Cache), false)
#3 C:\xampp\htdocs\projeto-escola\public\index.php(37): CodeIgniter\CodeIgniter->run()
#4 {main}
ERROR - 2026-02-16 19:14:21 --> mysqli_sql_exception: Unknown column 'usuário' in 'where clause' in C:\xampp\htdocs\projeto-escola\system\Database\MySQLi\Connection.php:295
Stack trace:
#0 C:\xampp\htdocs\projeto-escola\system\Database\MySQLi\Connection.php(295): mysqli->query('SELECT *\nFROM `...', 0)
#1 C:\xampp\htdocs\projeto-escola\system\Database\BaseConnection.php(663): CodeIgniter\Database\MySQLi\Connection->execute('SELECT *\nFROM `...')
#2 C:\xampp\htdocs\projeto-escola\system\Database\BaseConnection.php(591): CodeIgniter\Database\BaseConnection->simpleQuery('SELECT *\nFROM `...')
#3 C:\xampp\htdocs\projeto-escola\system\Database\BaseBuilder.php(1428): CodeIgniter\Database\BaseConnection->query('SELECT *\nFROM `...', Array, false)
#4 C:\xampp\htdocs\projeto-escola\system\Model.php(210): CodeIgniter\Database\BaseBuilder->get()
#5 C:\xampp\htdocs\projeto-escola\system\BaseModel.php(622): CodeIgniter\Model->doFirst()
#6 C:\xampp\htdocs\projeto-escola\app\Controllers\Login.php(53): CodeIgniter\BaseModel->first()
#7 C:\xampp\htdocs\projeto-escola\system\CodeIgniter.php(802): App\Controllers\Login->autenticar()
#8 C:\xampp\htdocs\projeto-escola\system\CodeIgniter.php(399): CodeIgniter\CodeIgniter->runController(Object(App\Controllers\Login))
#9 C:\xampp\htdocs\projeto-escola\system\CodeIgniter.php(317): CodeIgniter\CodeIgniter->handleRequest(NULL, Object(Config\Cache), false)
#10 C:\xampp\htdocs\projeto-escola\public\index.php(37): CodeIgniter\CodeIgniter->run()
#11 {main}
CRITICAL - 2026-02-16 19:14:21 --> Unknown column 'usuário' in 'where clause'
#0 C:\xampp\htdocs\projeto-escola\system\Database\BaseConnection.php(663): CodeIgniter\Database\MySQLi\Connection->execute('SELECT *\nFROM `...')
#1 C:\xampp\htdocs\projeto-escola\system\Database\BaseConnection.php(591): CodeIgniter\Database\BaseConnection->simpleQuery('SELECT *\nFROM `...')
#2 C:\xampp\htdocs\projeto-escola\system\Database\BaseBuilder.php(1428): CodeIgniter\Database\BaseConnection->query('SELECT *\nFROM `...', Array, false)
#3 C:\xampp\htdocs\projeto-escola\system\Model.php(210): CodeIgniter\Database\BaseBuilder->get()
#4 C:\xampp\htdocs\projeto-escola\system\BaseModel.php(622): CodeIgniter\Model->doFirst()
#5 C:\xampp\htdocs\projeto-escola\app\Controllers\Login.php(53): CodeIgniter\BaseModel->first()
#6 C:\xampp\htdocs\projeto-escola\system\CodeIgniter.php(802): App\Controllers\Login->autenticar()
#7 C:\xampp\htdocs\projeto-escola\system\CodeIgniter.php(399): CodeIgniter\CodeIgniter->runController(Object(App\Controllers\Login))
#8 C:\xampp\htdocs\projeto-escola\system\CodeIgniter.php(317): CodeIgniter\CodeIgniter->handleRequest(NULL, Object(Config\Cache), false)
#9 C:\xampp\htdocs\projeto-escola\public\index.php(37): CodeIgniter\CodeIgniter->run()
#10 {main}
ERROR - 2026-02-16 19:19:40 --> mysqli_sql_exception: Unknown column 'usuário' in 'where clause' in C:\xampp\htdocs\projeto-escola\system\Database\MySQLi\Connection.php:295
Stack trace:
#0 C:\xampp\htdocs\projeto-escola\system\Database\MySQLi\Connection.php(295): mysqli->query('SELECT *\nFROM `...', 0)
#1 C:\xampp\htdocs\projeto-escola\system\Database\BaseConnection.php(663): CodeIgniter\Database\MySQLi\Connection->execute('SELECT *\nFROM `...')
#2 C:\xampp\htdocs\projeto-escola\system\Database\BaseConnection.php(591): CodeIgniter\Database\BaseConnection->simpleQuery('SELECT *\nFROM `...')
#3 C:\xampp\htdocs\projeto-escola\system\Database\BaseBuilder.php(1428): CodeIgniter\Database\BaseConnection->query('SELECT *\nFROM `...', Array, false)
#4 C:\xampp\htdocs\projeto-escola\system\Model.php(210): CodeIgniter\Database\BaseBuilder->get()
#5 C:\xampp\htdocs\projeto-escola\system\BaseModel.php(622): CodeIgniter\Model->doFirst()
#6 C:\xampp\htdocs\projeto-escola\app\Controllers\Login.php(53): CodeIgniter\BaseModel->first()
#7 C:\xampp\htdocs\projeto-escola\system\CodeIgniter.php(802): App\Controllers\Login->autenticar()
#8 C:\xampp\htdocs\projeto-escola\system\CodeIgniter.php(399): CodeIgniter\CodeIgniter->runController(Object(App\Controllers\Login))
#9 C:\xampp\htdocs\projeto-escola\system\CodeIgniter.php(317): CodeIgniter\CodeIgniter->handleRequest(NULL, Object(Config\Cache), false)
#10 C:\xampp\htdocs\projeto-escola\public\index.php(37): CodeIgniter\CodeIgniter->run()
#11 {main}
CRITICAL - 2026-02-16 19:19:40 --> Unknown column 'usuário' in 'where clause'
#0 C:\xampp\htdocs\projeto-escola\system\Database\BaseConnection.php(663): CodeIgniter\Database\MySQLi\Connection->execute('SELECT *\nFROM `...')
#1 C:\xampp\htdocs\projeto-escola\system\Database\BaseConnection.php(591): CodeIgniter\Database\BaseConnection->simpleQuery('SELECT *\nFROM `...')
#2 C:\xampp\htdocs\projeto-escola\system\Database\BaseBuilder.php(1428): CodeIgniter\Database\BaseConnection->query('SELECT *\nFROM `...', Array, false)
#3 C:\xampp\htdocs\projeto-escola\system\Model.php(210): CodeIgniter\Database\BaseBuilder->get()
#4 C:\xampp\htdocs\projeto-escola\system\BaseModel.php(622): CodeIgniter\Model->doFirst()
#5 C:\xampp\htdocs\projeto-escola\app\Controllers\Login.php(53): CodeIgniter\BaseModel->first()
#6 C:\xampp\htdocs\projeto-escola\system\CodeIgniter.php(802): App\Controllers\Login->autenticar()
#7 C:\xampp\htdocs\projeto-escola\system\CodeIgniter.php(399): CodeIgniter\CodeIgniter->runController(Object(App\Controllers\Login))
#8 C:\xampp\htdocs\projeto-escola\system\CodeIgniter.php(317): CodeIgniter\CodeIgniter->handleRequest(NULL, Object(Config\Cache), false)
#9 C:\xampp\htdocs\projeto-escola\public\index.php(37): CodeIgniter\CodeIgniter->run()
#10 {main}
CRITICAL - 2026-02-16 19:34:22 --> Access level to App\Controllers\Login::$session must be protected (as in class App\Controllers\BaseController) or weaker
#0 [internal function]: CodeIgniter\Debug\Exceptions->shutdownHandler()
#1 {main}
CRITICAL - 2026-02-16 19:34:24 --> Access level to App\Controllers\Login::$session must be protected (as in class App\Controllers\BaseController) or weaker
#0 [internal function]: CodeIgniter\Debug\Exceptions->shutdownHandler()
#1 {main}
CRITICAL - 2026-02-16 19:34:37 --> Access level to App\Controllers\Login::$session must be protected (as in class App\Controllers\BaseController) or weaker
#0 [internal function]: CodeIgniter\Debug\Exceptions->shutdownHandler()
#1 {main}
CRITICAL - 2026-02-16 20:32:49 --> Call to a member function get() on null
#0 C:\xampp\htdocs\projeto-escola\app\Controllers\AdminController.php(10): App\Controllers\BaseController->proteger(Array)
#1 C:\xampp\htdocs\projeto-escola\system\CodeIgniter.php(779): App\Controllers\AdminController->__construct()
#2 C:\xampp\htdocs\projeto-escola\system\CodeIgniter.php(390): CodeIgniter\CodeIgniter->createController()
#3 C:\xampp\htdocs\projeto-escola\system\CodeIgniter.php(317): CodeIgniter\CodeIgniter->handleRequest(NULL, Object(Config\Cache), false)
#4 C:\xampp\htdocs\projeto-escola\public\index.php(37): CodeIgniter\CodeIgniter->run()
#5 {main}
CRITICAL - 2026-02-16 20:40:02 --> Call to a member function get() on null
#0 C:\xampp\htdocs\projeto-escola\app\Controllers\AdminController.php(10): App\Controllers\BaseController->proteger(Array)
#1 C:\xampp\htdocs\projeto-escola\system\CodeIgniter.php(779): App\Controllers\AdminController->__construct()
#2 C:\xampp\htdocs\projeto-escola\system\CodeIgniter.php(390): CodeIgniter\CodeIgniter->createController()
#3 C:\xampp\htdocs\projeto-escola\system\CodeIgniter.php(317): CodeIgniter\CodeIgniter->handleRequest(NULL, Object(Config\Cache), false)
#4 C:\xampp\htdocs\projeto-escola\public\index.php(37): CodeIgniter\CodeIgniter->run()
#5 {main}
CRITICAL - 2026-02-16 20:52:29 --> Invalid file: admin/dashboard.php
#0 C:\xampp\htdocs\projeto-escola\system\View\View.php(198): CodeIgniter\Exceptions\FrameworkException::forInvalidFile('admin/dashboard...')
#1 C:\xampp\htdocs\projeto-escola\system\Common.php(1092): CodeIgniter\View\View->render('admin/dashboard', Array, true)
#2 C:\xampp\htdocs\projeto-escola\app\Controllers\AdminController.php(29): view('admin/dashboard', Array)
#3 C:\xampp\htdocs\projeto-escola\system\CodeIgniter.php(802): App\Controllers\AdminController->dashboard()
#4 C:\xampp\htdocs\projeto-escola\system\CodeIgniter.php(399): CodeIgniter\CodeIgniter->runController(Object(App\Controllers\AdminController))
#5 C:\xampp\htdocs\projeto-escola\system\CodeIgniter.php(317): CodeIgniter\CodeIgniter->handleRequest(NULL, Object(Config\Cache), false)
#6 C:\xampp\htdocs\projeto-escola\public\index.php(37): CodeIgniter\CodeIgniter->run()
#7 {main}
CRITICAL - 2026-02-16 21:21:24 --> Class "App\Models\AlunosModel" not found
#0 C:\xampp\htdocs\projeto-escola\system\CodeIgniter.php(802): App\Controllers\AdminController->dashboard()
#1 C:\xampp\htdocs\projeto-escola\system\CodeIgniter.php(399): CodeIgniter\CodeIgniter->runController(Object(App\Controllers\AdminController))
#2 C:\xampp\htdocs\projeto-escola\system\CodeIgniter.php(317): CodeIgniter\CodeIgniter->handleRequest(NULL, Object(Config\Cache), false)
#3 C:\xampp\htdocs\projeto-escola\public\index.php(37): CodeIgniter\CodeIgniter->run()
#4 {main}
