CRITICAL - 2026-02-20 04:59:54 --> Invalid file: alunos/form.php
#0 C:\xampp\htdocs\projeto-escola\system\View\View.php(198): CodeIgniter\Exceptions\FrameworkException::forInvalidFile('alunos/form.php')
#1 C:\xampp\htdocs\projeto-escola\system\Common.php(1092): CodeIgniter\View\View->render('alunos/form', Array, true)
#2 C:\xampp\htdocs\projeto-escola\app\Controllers\Alunos.php(53): view('alunos/form', Array)
#3 C:\xampp\htdocs\projeto-escola\system\CodeIgniter.php(802): App\Controllers\Alunos->novo()
#4 C:\xampp\htdocs\projeto-escola\system\CodeIgniter.php(399): CodeIgniter\CodeIgniter->runController(Object(App\Controllers\Alunos))
#5 C:\xampp\htdocs\projeto-escola\system\CodeIgniter.php(317): CodeIgniter\CodeIgniter->handleRequest(NULL, Object(Config\Cache), false)
#6 C:\xampp\htdocs\projeto-escola\public\index.php(37): CodeIgniter\CodeIgniter->run()
#7 {main}
ERROR - 2026-02-20 18:45:26 --> mysqli_sql_exception: Unknown column 'trabalhadores.id_trabal_hador' in 'on clause' in C:\xampp\htdocs\projeto-escola\system\Database\MySQLi\Connection.php:295
Stack trace:
#0 C:\xampp\htdocs\projeto-escola\system\Database\MySQLi\Connection.php(295): mysqli->query('SELECT `turmas`...', 0)
#1 C:\xampp\htdocs\projeto-escola\system\Database\BaseConnection.php(663): CodeIgniter\Database\MySQLi\Connection->execute('SELECT `turmas`...')
#2 C:\xampp\htdocs\projeto-escola\system\Database\BaseConnection.php(591): CodeIgniter\Database\BaseConnection->simpleQuery('SELECT `turmas`...')
#3 C:\xampp\htdocs\projeto-escola\system\Database\BaseBuilder.php(1428): CodeIgniter\Database\BaseConnection->query('SELECT `turmas`...', Array, false)
#4 C:\xampp\htdocs\projeto-escola\app\Controllers\Relatorios.php(23): CodeIgniter\Database\BaseBuilder->get()
#5 C:\xampp\htdocs\projeto-escola\system\CodeIgniter.php(802): App\Controllers\Relatorios->pautaPresenca('1')
#6 C:\xampp\htdocs\projeto-escola\system\CodeIgniter.php(399): CodeIgniter\CodeIgniter->runController(Object(App\Controllers\Relatorios))
#7 C:\xampp\htdocs\projeto-escola\system\CodeIgniter.php(317): CodeIgniter\CodeIgniter->handleRequest(NULL, Object(Config\Cache), false)
#8 C:\xampp\htdocs\projeto-escola\public\index.php(37): CodeIgniter\CodeIgniter->run()
#9 {main}
CRITICAL - 2026-02-20 18:45:26 --> Unknown column 'trabalhadores.id_trabal_hador' in 'on clause'
#0 C:\xampp\htdocs\projeto-escola\system\Database\BaseConnection.php(663): CodeIgniter\Database\MySQLi\Connection->execute('SELECT `turmas`...')
#1 C:\xampp\htdocs\projeto-escola\system\Database\BaseConnection.php(591): CodeIgniter\Database\BaseConnection->simpleQuery('SELECT `turmas`...')
#2 C:\xampp\htdocs\projeto-escola\system\Database\BaseBuilder.php(1428): CodeIgniter\Database\BaseConnection->query('SELECT `turmas`...', Array, false)
#3 C:\xampp\htdocs\projeto-escola\app\Controllers\Relatorios.php(23): CodeIgniter\Database\BaseBuilder->get()
#4 C:\xampp\htdocs\projeto-escola\system\CodeIgniter.php(802): App\Controllers\Relatorios->pautaPresenca('1')
#5 C:\xampp\htdocs\projeto-escola\system\CodeIgniter.php(399): CodeIgniter\CodeIgniter->runController(Object(App\Controllers\Relatorios))
#6 C:\xampp\htdocs\projeto-escola\system\CodeIgniter.php(317): CodeIgniter\CodeIgniter->handleRequest(NULL, Object(Config\Cache), false)
#7 C:\xampp\htdocs\projeto-escola\public\index.php(37): CodeIgniter\CodeIgniter->run()
#8 {main}
